Information: Propagating switching activity (low effort zero delay simulation). (PWR-6)
 
****************************************
Report : power
        -analysis_effort low
Design : ysyx_210153
Version: R-2020.09-SP3a
Date   : Sun Oct  3 17:55:53 2021
****************************************


Library(s) Used:

    scc011ums_hd_lvt_ss_v1p08_125c_ccs (File: /Project/home/fangwenji/prj/coosca/lib_data/ccsdb/scc011ums_hd_lvt_ss_v1p08_125c_ccs.db)
    S011HD1P_X32Y2D128_SS_1.08_125 (File: /Project/home/fangwenji/prj/coosca/lib_data/ccsdb/S011HD1P_X32Y2D128_SS_1.08_125.db)


Operating Conditions: ss_v1p08_125c   Library: scc011ums_hd_lvt_ss_v1p08_125c_ccs
Wire Load Model Mode: top


Global Operating Voltage = 1.08 
Power-specific unit information :
    Voltage Units = 1V
    Capacitance Units = 1.000000pf
    Time Units = 1ns
    Dynamic Power Units = 1mW    (derived from V,C,T units)
    Leakage Power Units = 1uW


  Cell Internal Power  =  74.0405 mW   (99%)
  Net Switching Power  = 988.1105 uW    (1%)
                         ---------
Total Dynamic Power    =  75.0286 mW  (100%)

Cell Leakage Power     =   2.9160 mW


                 Internal         Switching           Leakage            Total
Power Group      Power            Power               Power              Power   (   %    )  Attrs
--------------------------------------------------------------------------------------------------
io_pad             0.0000            0.0000            0.0000            0.0000  (   0.00%)
memory            30.7569        5.2307e-02          243.5120           31.0527  (  39.84%)
black_box          0.0000            0.0000            0.0000            0.0000  (   0.00%)
clock_network      0.0000            0.0000            0.0000            0.0000  (   0.00%)
register          42.6353        1.2456e-02        1.0907e+03           43.7384  (  56.12%)
sequential         0.0000            0.0000            0.0000            0.0000  (   0.00%)
combinational      0.6445            0.9234        1.5818e+03            3.1495  (   4.04%)
--------------------------------------------------------------------------------------------------
Total             74.0367 mW         0.9882 mW     2.9160e+03 uW        77.9406 mW
1
