
Information: Checking generated_clocks...

Information: Checking loops...

Information: Checking no_input_delay...
Warning: The following input ports have no clock_relative delay specified, the command set_input_delay without -clock option will be ignored. (TIM-216)
--------------------
reset
io_master_awready
io_master_arready
io_master_wready
io_master_bvalid
io_master_rvalid
io_master_rdata[63]
io_master_rdata[62]
io_master_rdata[61]
io_master_rdata[60]
io_master_rdata[59]
io_master_rdata[58]
io_master_rdata[57]
io_master_rdata[56]
io_master_rdata[55]
io_master_rdata[54]
io_master_rdata[53]
io_master_rdata[52]
io_master_rdata[51]
io_master_rdata[50]
io_master_rdata[49]
io_master_rdata[48]
io_master_rdata[47]
io_master_rdata[46]
io_master_rdata[45]
io_master_rdata[44]
io_master_rdata[43]
io_master_rdata[42]
io_master_rdata[41]
io_master_rdata[40]
io_master_rdata[39]
io_master_rdata[38]
io_master_rdata[37]
io_master_rdata[36]
io_master_rdata[35]
io_master_rdata[34]
io_master_rdata[33]
io_master_rdata[32]
io_master_rdata[31]
io_master_rdata[30]
io_master_rdata[29]
io_master_rdata[28]
io_master_rdata[27]
io_master_rdata[26]
io_master_rdata[25]
io_master_rdata[24]
io_master_rdata[23]
io_master_rdata[22]
io_master_rdata[21]
io_master_rdata[20]
io_master_rdata[19]
io_master_rdata[18]
io_master_rdata[17]
io_master_rdata[16]
io_master_rdata[15]
io_master_rdata[14]
io_master_rdata[13]
io_master_rdata[12]
io_master_rdata[11]
io_master_rdata[10]
io_master_rdata[9]
io_master_rdata[8]
io_master_rdata[7]
io_master_rdata[6]
io_master_rdata[5]
io_master_rdata[4]
io_master_rdata[3]
io_master_rdata[2]
io_master_rdata[1]
io_master_rdata[0]
io_master_rlast
io_interrupt

Information: Checking unconstrained_endpoints...

Warning: The following end-points are not constrained for maximum delay.

End point
---------------
io_master_araddr[0]
io_master_araddr[1]
io_master_araddr[2]
io_master_araddr[3]
io_master_araddr[4]
io_master_araddr[5]
io_master_araddr[6]
io_master_araddr[7]
io_master_araddr[8]
io_master_araddr[9]
io_master_araddr[10]
io_master_araddr[11]
io_master_araddr[12]
io_master_araddr[13]
io_master_araddr[14]
io_master_araddr[15]
io_master_araddr[16]
io_master_araddr[17]
io_master_araddr[18]
io_master_araddr[19]
io_master_araddr[20]
io_master_araddr[21]
io_master_araddr[22]
io_master_araddr[23]
io_master_araddr[24]
io_master_araddr[25]
io_master_araddr[26]
io_master_araddr[27]
io_master_araddr[28]
io_master_araddr[29]
io_master_araddr[30]
io_master_araddr[31]
io_master_arid[0]
io_master_arid[1]
io_master_arid[2]
io_master_arid[3]
io_master_arlen[0]
io_master_arlen[1]
io_master_arlen[2]
io_master_arlen[3]
io_master_arlen[4]
io_master_arlen[5]
io_master_arlen[6]
io_master_arlen[7]
io_master_arsize[0]
io_master_arsize[1]
io_master_arsize[2]
io_master_arvalid
io_master_awaddr[0]
io_master_awaddr[1]
io_master_awaddr[2]
io_master_awaddr[3]
io_master_awaddr[4]
io_master_awaddr[5]
io_master_awaddr[6]
io_master_awaddr[7]
io_master_awaddr[8]
io_master_awaddr[9]
io_master_awaddr[10]
io_master_awaddr[11]
io_master_awaddr[12]
io_master_awaddr[13]
io_master_awaddr[14]
io_master_awaddr[15]
io_master_awaddr[16]
io_master_awaddr[17]
io_master_awaddr[18]
io_master_awaddr[19]
io_master_awaddr[20]
io_master_awaddr[21]
io_master_awaddr[22]
io_master_awaddr[23]
io_master_awaddr[24]
io_master_awaddr[25]
io_master_awaddr[26]
io_master_awaddr[27]
io_master_awaddr[28]
io_master_awaddr[29]
io_master_awaddr[30]
io_master_awaddr[31]
io_master_awlen[0]
io_master_awsize[0]
io_master_awsize[1]
io_master_awsize[2]
io_master_awvalid
io_master_bready
io_master_rready
io_master_wdata[0]
io_master_wdata[1]
io_master_wdata[2]
io_master_wdata[3]
io_master_wdata[4]
io_master_wdata[5]
io_master_wdata[6]
io_master_wdata[7]
io_master_wdata[8]
io_master_wdata[9]
io_master_wdata[10]
io_master_wdata[11]
io_master_wdata[12]
io_master_wdata[13]
io_master_wdata[14]
io_master_wdata[15]
io_master_wdata[16]
io_master_wdata[17]
io_master_wdata[18]
io_master_wdata[19]
io_master_wdata[20]
io_master_wdata[21]
io_master_wdata[22]
io_master_wdata[23]
io_master_wdata[24]
io_master_wdata[25]
io_master_wdata[26]
io_master_wdata[27]
io_master_wdata[28]
io_master_wdata[29]
io_master_wdata[30]
io_master_wdata[31]
io_master_wdata[32]
io_master_wdata[33]
io_master_wdata[34]
io_master_wdata[35]
io_master_wdata[36]
io_master_wdata[37]
io_master_wdata[38]
io_master_wdata[39]
io_master_wdata[40]
io_master_wdata[41]
io_master_wdata[42]
io_master_wdata[43]
io_master_wdata[44]
io_master_wdata[45]
io_master_wdata[46]
io_master_wdata[47]
io_master_wdata[48]
io_master_wdata[49]
io_master_wdata[50]
io_master_wdata[51]
io_master_wdata[52]
io_master_wdata[53]
io_master_wdata[54]
io_master_wdata[55]
io_master_wdata[56]
io_master_wdata[57]
io_master_wdata[58]
io_master_wdata[59]
io_master_wdata[60]
io_master_wdata[61]
io_master_wdata[62]
io_master_wdata[63]
io_master_wlast
io_master_wstrb[0]
io_master_wstrb[1]
io_master_wstrb[2]
io_master_wstrb[3]
io_master_wstrb[4]
io_master_wstrb[5]
io_master_wstrb[6]
io_master_wstrb[7]
io_master_wvalid

Information: Checking pulse_clock_cell_type...

Information: Checking no_driving_cell...

Information: Checking partial_input_delay...
1
