 
**************************************************
Report : dont_touch
Design : ysyx_210153
Version: R-2020.09-SP3a
Date   : Sun Oct  3 17:55:56 2021
**************************************************

Description for Cell dont_touch Types:
  user             -  Cell has explicit dont_touch attribute


Object                                           Class       Types
--------------------------------------------------------------------------------
moduleICache/sram                                cell        user
moduleICache/sram_1                              cell        user
moduleICache/sram_2                              cell        user
moduleICache/sram_3                              cell        user
moduleDCache/sram                                cell        user
moduleDCache/sram_1                              cell        user
moduleDCache/sram_2                              cell        user
moduleDCache/sram_3                              cell        user
--------------------------------------------------------------------------------
Total 8 dont_touch cells
1
